[2026-05-08 07:57:33] [WARNING] [IP:::1] [User:guest] [//auth/login] Failed login attempt | Context: {"email":"admin@gmail.com","ip":"::1"}
[2026-05-08 07:59:51] [WARNING] [IP:::1] [User:guest] [//auth/login] Failed login attempt | Context: {"email":"admin@choshmazone.com","ip":"::1"}
[2026-05-08 08:00:02] [WARNING] [IP:::1] [User:guest] [//auth/login] Failed login attempt | Context: {"email":"admin@choshmazone.com","ip":"::1"}
[2026-05-08 08:03:00] [WARNING] [IP:::1] [User:1] [/account] Warning: Undefined array key "user_email" in C:\Users\USERAS\Downloads\choshmaghor-main\choshmaghor-main\views\account\index.php on line 22
[2026-05-08 08:03:01] [WARNING] [IP:::1] [User:1] [/account] Warning: Undefined array key "user_email" in C:\Users\USERAS\Downloads\choshmaghor-main\choshmaghor-main\views\account\index.php on line 22
[2026-05-08 08:03:04] [WARNING] [IP:::1] [User:1] [/account] Warning: Undefined array key "user_email" in C:\Users\USERAS\Downloads\choshmaghor-main\choshmaghor-main\views\account\index.php on line 22
[2026-05-08 08:03:07] [WARNING] [IP:::1] [User:1] [/account/orders] Warning: Undefined array key "user_email" in C:\Users\USERAS\Downloads\choshmaghor-main\choshmaghor-main\views\account\index.php on line 22
[2026-05-08 08:03:18] [WARNING] [IP:::1] [User:1] [/account] Warning: Undefined array key "user_email" in C:\Users\USERAS\Downloads\choshmaghor-main\choshmaghor-main\views\account\index.php on line 22
[2026-05-08 08:03:19] [WARNING] [IP:::1] [User:1] [/account/profile] Warning: Undefined array key "user_email" in C:\Users\USERAS\Downloads\choshmaghor-main\choshmaghor-main\views\account\index.php on line 22
[2026-05-08 08:03:19] [WARNING] [IP:::1] [User:1] [/account/profile] Warning: Undefined array key "user_email" in C:\Users\USERAS\Downloads\choshmaghor-main\choshmaghor-main\views\account\index.php on line 22
[2026-05-08 08:03:20] [WARNING] [IP:::1] [User:1] [/account] Warning: Undefined array key "user_email" in C:\Users\USERAS\Downloads\choshmaghor-main\choshmaghor-main\views\account\index.php on line 22
[2026-05-08 08:03:21] [WARNING] [IP:::1] [User:1] [/account/orders] Warning: Undefined array key "user_email" in C:\Users\USERAS\Downloads\choshmaghor-main\choshmaghor-main\views\account\index.php on line 22
[2026-05-08 08:04:39] [WARNING] [IP:::1] [User:1] [/account/orders] Warning: Undefined array key "user_email" in C:\Users\USERAS\Downloads\choshmaghor-main\choshmaghor-main\views\account\index.php on line 22
[2026-05-08 08:04:42] [WARNING] [IP:::1] [User:1] [/account/orders] Warning: Undefined array key "user_email" in C:\Users\USERAS\Downloads\choshmaghor-main\choshmaghor-main\views\account\index.php on line 22
[2026-05-08 08:04:44] [WARNING] [IP:::1] [User:1] [/account/orders] Warning: Undefined array key "user_email" in C:\Users\USERAS\Downloads\choshmaghor-main\choshmaghor-main\views\account\index.php on line 22
[2026-05-08 08:04:46] [WARNING] [IP:::1] [User:1] [/account/orders] Warning: Undefined array key "user_email" in C:\Users\USERAS\Downloads\choshmaghor-main\choshmaghor-main\views\account\index.php on line 22
[2026-05-08 08:04:47] [WARNING] [IP:::1] [User:1] [/account/orders] Warning: Undefined array key "user_email" in C:\Users\USERAS\Downloads\choshmaghor-main\choshmaghor-main\views\account\index.php on line 22
[2026-05-08 08:05:09] [WARNING] [IP:::1] [User:1] [/account] Warning: Undefined array key "user_email" in C:\Users\USERAS\Downloads\choshmaghor-main\choshmaghor-main\views\account\index.php on line 22
[2026-05-08 08:05:10] [WARNING] [IP:::1] [User:1] [/account] Warning: Undefined array key "user_email" in C:\Users\USERAS\Downloads\choshmaghor-main\choshmaghor-main\views\account\index.php on line 22
[2026-05-08 08:05:11] [WARNING] [IP:::1] [User:1] [/account] Warning: Undefined array key "user_email" in C:\Users\USERAS\Downloads\choshmaghor-main\choshmaghor-main\views\account\index.php on line 22
[2026-05-08 08:05:12] [WARNING] [IP:::1] [User:1] [/account/orders] Warning: Undefined array key "user_email" in C:\Users\USERAS\Downloads\choshmaghor-main\choshmaghor-main\views\account\index.php on line 22
[2026-05-08 08:05:13] [WARNING] [IP:::1] [User:1] [/account/profile] Warning: Undefined array key "user_email" in C:\Users\USERAS\Downloads\choshmaghor-main\choshmaghor-main\views\account\index.php on line 22
[2026-05-08 08:05:15] [WARNING] [IP:::1] [User:1] [/account/orders] Warning: Undefined array key "user_email" in C:\Users\USERAS\Downloads\choshmaghor-main\choshmaghor-main\views\account\index.php on line 22
[2026-05-08 08:05:57] [WARNING] [IP:::1] [User:1] [/account/orders] Warning: Undefined array key "user_email" in C:\Users\USERAS\Downloads\choshmaghor-main\choshmaghor-main\views\account\index.php on line 22
[2026-05-08 08:05:59] [WARNING] [IP:::1] [User:1] [/account] Warning: Undefined array key "user_email" in C:\Users\USERAS\Downloads\choshmaghor-main\choshmaghor-main\views\account\index.php on line 22
[2026-05-08 08:06:00] [WARNING] [IP:::1] [User:1] [/account] Warning: Undefined array key "user_email" in C:\Users\USERAS\Downloads\choshmaghor-main\choshmaghor-main\views\account\index.php on line 22
[2026-05-08 08:06:00] [WARNING] [IP:::1] [User:1] [/account] Warning: Undefined array key "user_email" in C:\Users\USERAS\Downloads\choshmaghor-main\choshmaghor-main\views\account\index.php on line 22
[2026-05-08 08:06:28] [WARNING] [IP:::1] [User:1] [/account] Warning: Undefined array key "user_email" in C:\Users\USERAS\Downloads\choshmaghor-main\choshmaghor-main\views\account\index.php on line 22
[2026-05-08 08:06:30] [WARNING] [IP:::1] [User:1] [/account/orders] Warning: Undefined array key "user_email" in C:\Users\USERAS\Downloads\choshmaghor-main\choshmaghor-main\views\account\index.php on line 22
[2026-05-08 08:06:31] [WARNING] [IP:::1] [User:1] [/account] Warning: Undefined array key "user_email" in C:\Users\USERAS\Downloads\choshmaghor-main\choshmaghor-main\views\account\index.php on line 22
[2026-05-08 08:06:32] [WARNING] [IP:::1] [User:1] [/account] Warning: Undefined array key "user_email" in C:\Users\USERAS\Downloads\choshmaghor-main\choshmaghor-main\views\account\index.php on line 22
[2026-05-08 08:06:33] [WARNING] [IP:::1] [User:1] [/account] Warning: Undefined array key "user_email" in C:\Users\USERAS\Downloads\choshmaghor-main\choshmaghor-main\views\account\index.php on line 22
[2026-05-08 08:06:34] [WARNING] [IP:::1] [User:1] [/account] Warning: Undefined array key "user_email" in C:\Users\USERAS\Downloads\choshmaghor-main\choshmaghor-main\views\account\index.php on line 22
[2026-05-08 08:06:35] [WARNING] [IP:::1] [User:1] [/account] Warning: Undefined array key "user_email" in C:\Users\USERAS\Downloads\choshmaghor-main\choshmaghor-main\views\account\index.php on line 22
[2026-05-08 08:06:37] [WARNING] [IP:::1] [User:1] [/account/orders] Warning: Undefined array key "user_email" in C:\Users\USERAS\Downloads\choshmaghor-main\choshmaghor-main\views\account\index.php on line 22
[2026-05-08 08:07:44] [WARNING] [IP:::1] [User:1] [/account] Warning: Undefined array key "user_email" in C:\Users\USERAS\Downloads\choshmaghor-main\choshmaghor-main\views\account\index.php on line 22
[2026-05-08 08:08:15] [WARNING] [IP:::1] [User:1] [/account] Warning: Undefined array key "user_email" in C:\Users\USERAS\Downloads\choshmaghor-main\choshmaghor-main\views\account\index.php on line 22
[2026-05-08 08:08:16] [WARNING] [IP:::1] [User:1] [/account] Warning: Undefined array key "user_email" in C:\Users\USERAS\Downloads\choshmaghor-main\choshmaghor-main\views\account\index.php on line 22
[2026-05-08 08:08:19] [WARNING] [IP:::1] [User:1] [/account] Warning: Undefined array key "user_email" in C:\Users\USERAS\Downloads\choshmaghor-main\choshmaghor-main\views\account\index.php on line 22
[2026-05-08 08:08:51] [WARNING] [IP:::1] [User:1] [/account] Warning: Undefined array key "user_email" in C:\Users\USERAS\Downloads\choshmaghor-main\choshmaghor-main\views\account\index.php on line 22
[2026-05-08 08:11:35] [WARNING] [IP:::1] [User:1] [/account] Warning: Undefined array key "user_email" in C:\Users\USERAS\Downloads\choshmaghor-main\choshmaghor-main\views\account\index.php on line 22
